[teslathemes.com/demo/html/e-event/index.html]
[backblue.gif]
[fade.gif]
[index.html]
[teslathemes.com/demo/html/e-event/images/favicon.ico]
[teslathemes.com/demo/html/e-event/css/swipebox.css]
[teslathemes.com/demo/html/e-event/css/bootstrap.css]
[teslathemes.com/demo/html/e-event/css/screen.css]
[maxcdn.bootstrapcdn.com/font-awesome/4.3.0/css/font-awesome.min.css]
[teslathemes.com/demo/html/e-event/images/logo.png]
[teslathemes.com/demo/html/e-event/rsvp.html]
[teslathemes.com/demo/html/e-event/login-register.html]
[teslathemes.com/demo/html/e-event/events-4c.html]
[teslathemes.com/demo/html/e-event/events-3c.html]
[teslathemes.com/demo/html/e-event/event.html]
[teslathemes.com/demo/html/e-event/gallery-4c.html]
[teslathemes.com/demo/html/e-event/gallery-3c.html]
[teslathemes.com/demo/html/e-event/gallery-2c.html]
[teslathemes.com/demo/html/e-event/pricing.html]
[teslathemes.com/demo/html/e-event/error-404.html]
[teslathemes.com/demo/html/e-event/index-footerv2.html]
[teslathemes.com/demo/html/e-event/speakers.html]
[teslathemes.com/demo/html/e-event/speakers-2.html]
[teslathemes.com/demo/html/e-event/schedule.html]
[teslathemes.com/demo/html/e-event/blog.html]
[teslathemes.com/demo/html/e-event/blog-leftsidebar.html]
[teslathemes.com/demo/html/e-event/post.html]
[teslathemes.com/demo/html/e-event/contact.html]
[teslathemes.com/demo/html/e-event/images/event-1.jpg]
[teslathemes.com/demo/html/e-event/images/event-2.jpg]
[teslathemes.com/demo/html/e-event/images/event-3.jpg]
[teslathemes.com/demo/html/e-event/images/event-4.jpg]
[teslathemes.com/demo/html/e-event/images/event-5.jpg]
[teslathemes.com/demo/html/e-event/images/event-6.jpg]
[teslathemes.com/demo/html/e-event/images/member-1.jpg]
[teslathemes.com/demo/html/e-event/images/member-2.jpg]
[teslathemes.com/demo/html/e-event/images/member-3.jpg]
[teslathemes.com/demo/html/e-event/images/member-4.jpg]
[teslathemes.com/demo/html/e-event/images/partner-1.png]
[teslathemes.com/demo/html/e-event/images/partner-2.png]
[teslathemes.com/demo/html/e-event/images/partner-3.png]
[teslathemes.com/demo/html/e-event/images/partner-4.png]
[teslathemes.com/demo/html/e-event/images/partner-5.png]
[teslathemes.com/demo/html/e-event/images/partner-6.png]
[teslathemes.com/demo/html/e-event/photodune.net/index.html]
[teslathemes.com/demo/html/e-event/images/partner-7.png]
[teslathemes.com/demo/html/e-event/images/partner-8.png]
[teslathemes.com/demo/html/e-event/events.html]
[teslathemes.com/demo/html/e-event/js/modernizr.custom.63321.js]
[teslathemes.com/demo/html/e-event/js/placeholder.js]
[teslathemes.com/demo/html/e-event/js/imagesloaded.pkgd.min.js]
[teslathemes.com/demo/html/e-event/js/bootstrap.min.js]
[teslathemes.com/demo/html/e-event/js/jquery-1.11.2.min.js]
[teslathemes.com/demo/html/e-event/js/instagram.js]
[teslathemes.com/demo/html/e-event/js/jquery.swipebox.min.js]
[teslathemes.com/demo/html/e-event/js/countdown.js]
[teslathemes.com/demo/html/e-event/js/sticky.js]
[teslathemes.com/demo/html/e-event/index.html]
[teslathemes.com/demo/html/e-event/js/options.js]
[teslathemes.com/demo/html/e-event/js/masonry.pkgd.js]
[teslathemes.com/demo/html/e-event/js/plugins.js]
[teslathemes.com/demo/html/e-event/images/swipebox/loader.gif]
[teslathemes.com/demo/html/e-event/images/swipebox/icons.png]
[teslathemes.com/demo/html/e-event/css/swipebox.css]
[teslathemes.com/demo/html/e-event/css/fonts/glyphicons-halflings-regular.eot]
[teslathemes.com/demo/html/e-event/css/fonts/glyphicons-halflings-regular.woff2]
[teslathemes.com/demo/html/e-event/css/fonts/glyphicons-halflings-regulard41d.eot]
[teslathemes.com/demo/html/e-event/js/jquery-ui.min.js]
[teslathemes.com/demo/html/e-event/css/fonts/glyphicons-halflings-regular.woff]
[teslathemes.com/demo/html/e-event/css/fonts/glyphicons-halflings-regular.ttf]
[teslathemes.com/demo/html/e-event/css/bootstrap.css]
[teslathemes.com/demo/html/e-event/images/link-arrow.png]
[teslathemes.com/demo/html/e-event/images/link-arrow-2.png]
[teslathemes.com/demo/html/e-event/images/link-arrow-4.png]
[teslathemes.com/demo/html/e-event/images/countdown-bg.png]
[teslathemes.com/demo/html/e-event/images/path-bg.jpg]
[teslathemes.com/demo/html/e-event/images/error-bg.jpg]
[teslathemes.com/demo/html/e-event/images/event-bg.png]
[teslathemes.com/demo/html/e-event/images/link-arrow-3.png]
[teslathemes.com/demo/html/e-event/css/screen.css]
[maxcdn.bootstrapcdn.com/font-awesome/4.3.0/css/font-awesome.min.css]
[teslathemes.com/demo/html/e-event/images/logow.png]
[teslathemes.com/demo/html/e-event/rsvp.html]
[teslathemes.com/demo/html/e-event/login-register.html]
[teslathemes.com/demo/html/e-event/events-4c.html]
[teslathemes.com/demo/html/e-event/events-3c.html]
[teslathemes.com/demo/html/e-event/images/event-full.jpg]
[teslathemes.com/demo/html/e-event/event.html]
[teslathemes.com/demo/html/e-event/images/gallery-1.jpg]
[teslathemes.com/demo/html/e-event/images/gallery-2.jpg]
[teslathemes.com/demo/html/e-event/images/gallery-3.jpg]
[teslathemes.com/demo/html/e-event/images/gallery-4.jpg]
[teslathemes.com/demo/html/e-event/images/gallery-5.jpg]
[teslathemes.com/demo/html/e-event/images/gallery-6.jpg]
[teslathemes.com/demo/html/e-event/images/gallery-7.jpg]
[teslathemes.com/demo/html/e-event/images/gallery-8.jpg]
[teslathemes.com/demo/html/e-event/images/gallery-9.jpg]
[teslathemes.com/demo/html/e-event/gallery-4c.html]
[teslathemes.com/demo/html/e-event/gallery-3c.html]
[teslathemes.com/demo/html/e-event/gallery-2c.html]
[teslathemes.com/demo/html/e-event/pricing.html]
[teslathemes.com/demo/html/e-event/error-404.html]
[teslathemes.com/demo/html/e-event/index-footerv2.html]
[teslathemes.com/demo/html/e-event/speakers.html]
[teslathemes.com/demo/html/e-event/images/team-1.png]
[teslathemes.com/demo/html/e-event/images/team-2.png]
[teslathemes.com/demo/html/e-event/speakers-2.html]
[teslathemes.com/demo/html/e-event/schedule.html]
[teslathemes.com/demo/html/e-event/images/blog-1.jpg]
[teslathemes.com/demo/html/e-event/images/blog-3.jpg]
[teslathemes.com/demo/html/e-event/images/blog-2.jpg]
[teslathemes.com/demo/html/e-event/images/blog-4.jpg]
[teslathemes.com/demo/html/e-event/blog.html]
[teslathemes.com/demo/html/e-event/blog-leftsidebar.html]
[teslathemes.com/demo/html/e-event/post.html]
[teslathemes.com/demo/html/e-event/contact.html]
[teslathemes.com/demo/html/e-event/photodune.net/OneSignalSDKUpdaterWorker.js.php]
[teslathemes.com/demo/html/e-event/photodune.net/OneSignalSDKWorker.js.php]
[teslathemes.com/wp-content/themes/teslathemes/css/bootstrap.min.css]
[maxcdn.bootstrapcdn.com/font-awesome/4.7.0/css/font-awesome.min.css]
[code.jquery.com/jquery-1.11.3.min.js]
[cdn.onesignal.com/sdks/OneSignalSDK.js]
[teslathemes.com/wp-content/themes/teslathemes/css/screen357c.css]
[connect.facebook.net/en_US/fbds.js]
[www.google-analytics.com/analytics.js]
[connect.facebook.net/en_US/sdk.js]
[www.googleadservices.com/pagead/f.txt]
[app.clickfunnels.com/assets/cfpop.js]
[cdn.optimizely.com/js/2750011591.js]
[teslathemes.com/wp-content/themes/teslathemes/tesla_framework/static/js/subscription.js]
[teslathemes.com/wp-content/themes/teslathemes/js/optionsc533.js]
[teslathemes.com/wp-content/themes/teslathemes/js/plugins4e44.js]
[static.ads-twitter.com/oct.js]
[teslathemes.com/demo/html/e-event/photodune.net/index.html]
[teslathemes.com/demo/html/e-event/events.html]
[teslathemes.com/demo/html/e-event/css/fonts/glyphicons-halflings-regular.svg]
[teslathemes.com/demo/html/e-event/photodune.net/OneSignalSDKUpdaterWorker.js.html]
[teslathemes.com/demo/html/e-event/photodune.net/OneSignalSDKWorker.js.html]
[teslathemes.com/wp-content/themes/teslathemes/css/bootstrap.min.css]
[maxcdn.bootstrapcdn.com/font-awesome/4.7.0/css/font-awesome.min.css]
[teslathemes.com/wp-content/themes/teslathemes/images/bg-rec.jpg]
[teslathemes.com/wp-content/themes/teslathemes/images/bg-bg-2.png]
[teslathemes.com/wp-content/themes/teslathemes/images/home-bg.jpg]
[teslathemes.com/wp-content/themes/teslathemes/images/compatibility.png]
[teslathemes.com/wp-content/themes/teslathemes/images/bg-attention-1.jpg]
[teslathemes.com/wp-content/themes/teslathemes/images/bg-attention-2.jpg]
[teslathemes.com/wp-content/themes/teslathemes/images/bg-attention-3.jpg]
[assets.zendesk.com/embeddable_framework/main.js]
[teslathemes.com/wp-content/themes/teslathemes/images/bg-attention-4.jpg]
[teslathemes.com/wp-content/themes/teslathemes/images/bg-attention-5.jpg]
[teslathemes.com/wp-content/themes/teslathemes/images/bg-attention-6.jpg]
[teslathemes.com/wp-content/themes/teslathemes/images/money-back.png]
[teslathemes.com/wp-content/themes/teslathemes/images/lab-bg.png]
[teslathemes.com/wp-content/themes/teslathemes/images/tt-bg-deals.png]
[teslathemes.com/wp-content/themes/teslathemes/images/paypal_bg.png]
[teslathemes.com/wp-content/themes/teslathemes/images/support-line-bg.jpg]
[teslathemes.com/wp-content/themes/teslathemes/images/bg-comes.jpg]
[teslathemes.com/wp-content/themes/teslathemes/images/framework-tab.png]
[teslathemes.com/wp-content/themes/teslathemes/images/mobile-theme.png]
[teslathemes.com/wp-content/themes/teslathemes/images/theme-laptop-bg.png]
[teslathemes.com/wp-content/themes/teslathemes/images/20-things-bg.jpg]
[teslathemes.com/wp-content/themes/teslathemes/images/show-room.jpg]
[teslathemes.com/wp-content/themes/teslathemes/images/show-room.png]
[teslathemes.com/wp-content/themes/teslathemes/images/PP.png]
[teslathemes.com/wp-content/themes/teslathemes/images/Card.png]
[teslathemes.com/wp-content/themes/teslathemes/images/theme-laptop-bg2.png]
[teslathemes.com/wp-content/themes/teslathemes/css/screen357c.css]
[www.googletagmanager.com/gtm5445.html]
[connect.facebook.net/en_US/fbds.js]
[connect.facebook.net/en_US/sdk.js]
[teslathemes.com/demo/html/e-event/photodune.net/ABCDEFGHIJKLMNOPQRSTUVWXYZabcdefghijklmnopqrstuvwxyz0123456789+/index.html]
[teslathemes.com/demo/html/e-event/photodune.net/dialog/index.html]
[teslathemes.com/demo/html/e-event/photodune.net/ABCDEFGHIJKLMNOPQRSTUVWXYZabcdefghijklmnopqrstuvwxyz0123456789+/OneSignalSDKUpdaterWorker.js.php]
[teslathemes.com/demo/html/e-event/photodune.net/ABCDEFGHIJKLMNOPQRSTUVWXYZabcdefghijklmnopqrstuvwxyz0123456789+/OneSignalSDKWorker.js.php]
[teslathemes.com/demo/html/e-event/photodune.net/ABCDEFGHIJKLMNOPQRSTUVWXYZabcdefghijklmnopqrstuvwxyz0123456789+/index.html]
[teslathemes.com/demo/html/e-event/photodune.net/dialog/OneSignalSDKUpdaterWorker.js.php]
[teslathemes.com/demo/html/e-event/photodune.net/dialog/OneSignalSDKWorker.js.php]
[teslathemes.com/demo/html/e-event/photodune.net/dialog/index.html]
[teslathemes.com/demo/html/e-event/photodune.net/%s/profile4d6d.html]
[teslathemes.com/demo/html/e-event/photodune.net/ABCDEFGHIJKLMNOPQRSTUVWXYZabcdefghijklmnopqrstuvwxyz0123456789+/OneSignalSDKUpdaterWorker.js.html]
[teslathemes.com/demo/html/e-event/photodune.net/ABCDEFGHIJKLMNOPQRSTUVWXYZabcdefghijklmnopqrstuvwxyz0123456789+/OneSignalSDKWorker.js.html]
[teslathemes.com/demo/html/e-event/photodune.net/dialog/OneSignalSDKUpdaterWorker.js.html]
[teslathemes.com/demo/html/e-event/photodune.net/dialog/OneSignalSDKWorker.js.html]
